// Jest Snapshot v1, https://goo.gl/fbAQLP

exports[`renders correctly 1`] = `
<div>
  <img
    alt="weather icon"
    src="sun.svg"
  />
</div>
`;
