// Jest Snapshot v1, https://goo.gl/fbAQLP

exports[`renders correctly 1`] = `
<div
  className={undefined}
>
  <h2
    className={undefined}
  >
    ThursdayTh
  </h2>
</div>
`;
